2026-07-28 17:19:58,735 - INFO - ==================================================
2026-07-28 17:19:58,736 - INFO - 🚀 Starting YC bulk job application
2026-07-28 17:19:58,736 - INFO - 📝 Log file: yc_applications_20260728_171958.jsonl
2026-07-28 17:19:58,736 - INFO - 🎯 Max applications: 200
2026-07-28 17:19:58,736 - INFO - ==================================================
2026-07-28 17:19:58,935 - ERROR - Fatal error: Message: session not created: Chrome instance exited. Examine ChromeDriver verbose log to determine the cause.; For documentation on this error, please visit: https://www.selenium.dev/documentation/webdriver/troubleshooting/errors#sessionnotcreatedexception
Stacktrace:
#0 0x5b9473c1344a <unknown>
#1 0x5b94735eb8c9 <unknown>
#2 0x5b947362a1f6 <unknown>
#3 0x5b9473625b9e <unknown>
#4 0x5b9473675796 <unknown>
#5 0x5b9473674e7c <unknown>
#6 0x5b94736343ff <unknown>
#7 0x5b9473635261 <unknown>
#8 0x5b9473bd8cc7 <unknown>
#9 0x5b9473bd74a8 <unknown>
#10 0x5b9473bc2196 <unknown>
#11 0x5b9473bd806a <unknown>
#12 0x5b9473baa020 <unknown>
#13 0x5b9473bfeb98 <unknown>
#14 0x5b9473bfed35 <unknown>
#15 0x5b9473c11ffe <unknown>
#16 0x7b4431de7b7b <unknown>
Traceback (most recent call last):
  File "/opt/data/jobs/apply_yc_max200_fixed.py", line 262, in <module>
    driver = build_driver()
  File "/opt/data/jobs/apply_yc_max200_fixed.py", line 95, in build_driver
    driver = webdriver.Chrome(service=service, options=opts)
  File "/opt/data/jobs/venv/lib/python3.13/site-packages/selenium/webdriver/chrome/webdriver.py", line 45, in __init__
    super().__init__(
    ~~~~~~~~~~~~~~~~^
        browser_name=DesiredCapabilities.CHROME["browserName"],
        ^^^^^^^^^^^^^^^^^^^^^^^^^^^^^^^^^^^^^^^^^^^^^^^^^^^^^^^
    ...<3 lines>...
        keep_alive=keep_alive,
        ^^^^^^^^^^^^^^^^^^^^^^
    )
    ^
  File "/opt/data/jobs/venv/lib/python3.13/site-packages/selenium/webdriver/chromium/webdriver.py", line 66, in __init__
    super().__init__(command_executor=executor, options=self.options)
    ~~~~~~~~~~~~~~~~^^^^^^^^^^^^^^^^^^^^^^^^^^^^^^^^^^^^^^^^^^^^^^^^^
  File "/opt/data/jobs/venv/lib/python3.13/site-packages/selenium/webdriver/common/webdriver.py", line 25, in __init__
    super().__init__(*args, **kwargs)
    ~~~~~~~~~~~~~~~~^^^^^^^^^^^^^^^^^
  File "/opt/data/jobs/venv/lib/python3.13/site-packages/selenium/webdriver/remote/webdriver.py", line 300, in __init__
    self.start_session(capabilities)
    ~~~~~~~~~~~~~~~~~~^^^^^^^^^^^^^^
  File "/opt/data/jobs/venv/lib/python3.13/site-packages/selenium/webdriver/remote/webdriver.py", line 396, in start_session
    response = self.execute(Command.NEW_SESSION, caps)["value"]
               ~~~~~~~~~~~~^^^^^^^^^^^^^^^^^^^^^^^^^^^
  File "/opt/data/jobs/venv/lib/python3.13/site-packages/selenium/webdriver/remote/webdriver.py", line 492, in execute
    self.error_handler.check_response(response)
    ~~~~~~~~~~~~~~~~~~~~~~~~~~~~~~~~~^^^^^^^^^^
  File "/opt/data/jobs/venv/lib/python3.13/site-packages/selenium/webdriver/remote/errorhandler.py", line 232, in check_response
    raise exception_class(message, screen, stacktrace)
selenium.common.exceptions.SessionNotCreatedException: Message: session not created: Chrome instance exited. Examine ChromeDriver verbose log to determine the cause.; For documentation on this error, please visit: https://www.selenium.dev/documentation/webdriver/troubleshooting/errors#sessionnotcreatedexception
Stacktrace:
#0 0x5b9473c1344a <unknown>
#1 0x5b94735eb8c9 <unknown>
#2 0x5b947362a1f6 <unknown>
#3 0x5b9473625b9e <unknown>
#4 0x5b9473675796 <unknown>
#5 0x5b9473674e7c <unknown>
#6 0x5b94736343ff <unknown>
#7 0x5b9473635261 <unknown>
#8 0x5b9473bd8cc7 <unknown>
#9 0x5b9473bd74a8 <unknown>
#10 0x5b9473bc2196 <unknown>
#11 0x5b9473bd806a <unknown>
#12 0x5b9473baa020 <unknown>
#13 0x5b9473bfeb98 <unknown>
#14 0x5b9473bfed35 <unknown>
#15 0x5b9473c11ffe <unknown>
#16 0x7b4431de7b7b <unknown>

2026-07-28 17:19:58,937 - INFO - 👋 Browser closed
