2026-07-28 17:14:30,745 - INFO - ==================================================
2026-07-28 17:14:30,745 - INFO - 🚀 Starting YC bulk job application
2026-07-28 17:14:30,745 - INFO - 📝 Log file: yc_applications_20260728_171430.jsonl
2026-07-28 17:14:30,745 - INFO - 🎯 Max applications: 200
2026-07-28 17:14:30,745 - INFO - ==================================================
2026-07-28 17:14:31,032 - ERROR - Fatal error: Message: session not created: Chrome instance exited. Examine ChromeDriver verbose log to determine the cause.; For documentation on this error, please visit: https://www.selenium.dev/documentation/webdriver/troubleshooting/errors#sessionnotcreatedexception
Stacktrace:
#0 0x60885e05d75a <unknown>
#1 0x60885d9d0f49 <unknown>
#2 0x60885da0fab6 <unknown>
#3 0x60885da0b45e <unknown>
#4 0x60885da5b33e <unknown>
#5 0x60885da5aa2c <unknown>
#6 0x60885da19cb2 <unknown>
#7 0x60885da1ab31 <unknown>
#8 0x60885e022ae0 <unknown>
#9 0x60885e02115a <unknown>
#10 0x60885e00bb85 <unknown>
#11 0x60885e021e1a <unknown>
#12 0x60885dff3a80 <unknown>
#13 0x60885e049138 <unknown>
#14 0x60885e0492d5 <unknown>
#15 0x60885e05c30e <unknown>
#16 0x7b487fb00b7b <unknown>
Traceback (most recent call last):
  File "/opt/data/jobs/apply_yc_max200.py", line 244, in <module>
    driver = build_driver()
  File "/opt/data/jobs/apply_yc_max200.py", line 94, in build_driver
    driver = webdriver.Chrome(service=service, options=opts)
  File "/opt/data/jobs/venv/lib/python3.13/site-packages/selenium/webdriver/chrome/webdriver.py", line 45, in __init__
    super().__init__(
    ~~~~~~~~~~~~~~~~^
        browser_name=DesiredCapabilities.CHROME["browserName"],
        ^^^^^^^^^^^^^^^^^^^^^^^^^^^^^^^^^^^^^^^^^^^^^^^^^^^^^^^
    ...<3 lines>...
        keep_alive=keep_alive,
        ^^^^^^^^^^^^^^^^^^^^^^
    )
    ^
  File "/opt/data/jobs/venv/lib/python3.13/site-packages/selenium/webdriver/chromium/webdriver.py", line 66, in __init__
    super().__init__(command_executor=executor, options=self.options)
    ~~~~~~~~~~~~~~~~^^^^^^^^^^^^^^^^^^^^^^^^^^^^^^^^^^^^^^^^^^^^^^^^^
  File "/opt/data/jobs/venv/lib/python3.13/site-packages/selenium/webdriver/common/webdriver.py", line 25, in __init__
    super().__init__(*args, **kwargs)
    ~~~~~~~~~~~~~~~~^^^^^^^^^^^^^^^^^
  File "/opt/data/jobs/venv/lib/python3.13/site-packages/selenium/webdriver/remote/webdriver.py", line 300, in __init__
    self.start_session(capabilities)
    ~~~~~~~~~~~~~~~~~~^^^^^^^^^^^^^^
  File "/opt/data/jobs/venv/lib/python3.13/site-packages/selenium/webdriver/remote/webdriver.py", line 396, in start_session
    response = self.execute(Command.NEW_SESSION, caps)["value"]
               ~~~~~~~~~~~~^^^^^^^^^^^^^^^^^^^^^^^^^^^
  File "/opt/data/jobs/venv/lib/python3.13/site-packages/selenium/webdriver/remote/webdriver.py", line 492, in execute
    self.error_handler.check_response(response)
    ~~~~~~~~~~~~~~~~~~~~~~~~~~~~~~~~~^^^^^^^^^^
  File "/opt/data/jobs/venv/lib/python3.13/site-packages/selenium/webdriver/remote/errorhandler.py", line 232, in check_response
    raise exception_class(message, screen, stacktrace)
selenium.common.exceptions.SessionNotCreatedException: Message: session not created: Chrome instance exited. Examine ChromeDriver verbose log to determine the cause.; For documentation on this error, please visit: https://www.selenium.dev/documentation/webdriver/troubleshooting/errors#sessionnotcreatedexception
Stacktrace:
#0 0x60885e05d75a <unknown>
#1 0x60885d9d0f49 <unknown>
#2 0x60885da0fab6 <unknown>
#3 0x60885da0b45e <unknown>
#4 0x60885da5b33e <unknown>
#5 0x60885da5aa2c <unknown>
#6 0x60885da19cb2 <unknown>
#7 0x60885da1ab31 <unknown>
#8 0x60885e022ae0 <unknown>
#9 0x60885e02115a <unknown>
#10 0x60885e00bb85 <unknown>
#11 0x60885e021e1a <unknown>
#12 0x60885dff3a80 <unknown>
#13 0x60885e049138 <unknown>
#14 0x60885e0492d5 <unknown>
#15 0x60885e05c30e <unknown>
#16 0x7b487fb00b7b <unknown>

2026-07-28 17:14:31,036 - INFO - 👋 Browser closed
